<html>
<body>
<pre>
<h1>µVision Build Log</h1>
<h2>Tool Versions:</h2>
IDE-Version: µVision V5.21.1.0
Copyright (C) 2016 ARM Ltd and ARM Germany GmbH. All rights reserved.
License Information: do dong, abc, LIC=47GU5-GLHGQ-KPLZY-IK095-GN909-QWAGF
 
Tool Versions:
Toolchain:       MDK-ARM Plus  Version: 5.21a
Toolchain Path:  C:\Keil_v5\ARM\ARMCC\Bin
C Compiler:      Armcc.exe V5.06 update 3 (build 300)
Assembler:       Armasm.exe V5.06 update 3 (build 300)
Linker/Locator:  ArmLink.exe V5.06 update 3 (build 300)
Library Manager: ArmAr.exe V5.06 update 3 (build 300)
Hex Converter:   FromElf.exe V5.06 update 3 (build 300)
CPU DLL:         SARMCM3.DLL V5.21a
Dialog DLL:      DCM.DLL V1.13.8.0
Target DLL:      STLink\ST-LINKIII-KEIL_SWO.dll V2.0.18.0
Dialog DLL:      TCM.DLL V1.14.14.0
 
<h2>Project:</h2>
C:\A\STM32MX\pro_dht_ptro_V5 - RTOS - queue\MDK-ARM\pro_dht.uvprojx
Project File Date:  04/26/2023

<h2>Output:</h2>
*** Using Compiler 'V5.06 update 3 (build 300)', folder: 'C:\Keil_v5\ARM\ARMCC\Bin'
Rebuild target 'pro_dht'
assembling startup_stm32f103xb.s...
compiling stm32f1xx_hal_gpio_ex.c...
compiling stm32f1xx_it.c...
compiling freertos.c...
compiling i2c-lcd.c...
compiling stm32f1xx_hal_msp.c...
compiling main.c...
../Core/Src/main.c(159): warning:  #188-D: enumerated type mixed with another type
  	HAL_GPIO_WritePin(
HT11_PORT, 
HT11_PIN, 1); //initialize with data pin high
../Core/Src/main.c(163): warning:  #188-D: enumerated type mixed with another type
  	HAL_GPIO_WritePin (
HT11_PORT, 
HT11_PIN, 0); //pull the pin low
../Core/Src/main.c(165): warning:  #188-D: enumerated type mixed with another type
  	HAL_GPIO_WritePin (
HT11_PORT, 
HT11_PIN, 1); //pull the pin high
../Core/Src/main.c(179): warning:  #68-D: integer conversion resulted in a change of sign
  		else Response = -1; //255
../Core/Src/main.c(266): warning:  #188-D: enumerated type mixed with another type
  	HAL_GPIO_WritePin(
HT11_PORT, 
HT11_PIN5, 1); //initialize with data pin high
../Core/Src/main.c(270): warning:  #188-D: enumerated type mixed with another type
  	HAL_GPIO_WritePin (
HT11_PORT, 
HT11_PIN5, 0); //pull the pin low
../Core/Src/main.c(272): warning:  #188-D: enumerated type mixed with another type
  	HAL_GPIO_WritePin (
HT11_PORT, 
HT11_PIN5, 1); //pull the pin high
../Core/Src/main.c(286): warning:  #68-D: integer conversion resulted in a change of sign
  		else Response5 = -1; //255
../Core/Src/main.c(653): warning:  #188-D: enumerated type mixed with another type
  	HAL_GPIO_WritePin(
PIOA, 
PIO_PIN_1, 1);
../Core/Src/main.c: 9 warnings, 0 errors
compiling stm32f1xx_hal_adc.c...
compiling stm32f1xx_hal.c...
compiling stm32f1xx_hal_adc_ex.c...
compiling stm32f1xx_hal_gpio.c...
compiling stm32f1xx_hal_rcc_ex.c...
compiling stm32f1xx_hal_rcc.c...
compiling stm32f1xx_hal_dma.c...
compiling stm32f1xx_hal_cortex.c...
compiling stm32f1xx_hal_pwr.c...
compiling stm32f1xx_hal_flash.c...
compiling croutine.c...
compiling event_groups.c...
compiling stm32f1xx_hal_flash_ex.c...
compiling list.c...
compiling stream_buffer.c...
compiling queue.c...
compiling stm32f1xx_hal_exti.c...
compiling stm32f1xx_hal_tim_ex.c...
compiling timers.c...
compiling tasks.c...
compiling heap_4.c...
compiling port.c...
compiling system_stm32f1xx.c...
compiling cmsis_os.c...
compiling stm32f1xx_hal_i2c.c...
compiling stm32f1xx_hal_tim.c...
linking...
Program Size: Code=13920 RO-data=536 RW-data=200 ZI-data=5792  
FromELF: creating hex file...
"pro_dht\pro_dht.axf" - 0 Error(s), 9 Warning(s).

<h2>Software Packages used:</h2>

Package Vendor: ARM
                http://www.keil.com/pack/ARM.CMSIS.4.5.0.pack
                ARM::CMSIS:CORE:4.3.0
                CMSIS (Cortex Microcontroller Software Interface Standard)
   * Component: CORE Version: 4.3.0

<h2>Collection of Component include folders:</h2>
  C:\A\STM32MX\pro_dht_ptro_V5 - RTOS - queue\MDK-ARM\RTE
  C:\Keil_v5\ARM\PACK\ARM\CMSIS\4.5.0\CMSIS\Include
  C:\Keil_v5\ARM\PACK\Keil\STM32F1xx_DFP\2.1.0\Device\Include

<h2>Collection of Component Files used:</h2>

   * Component: ARM::CMSIS:CORE:4.3.0
Build Time Elapsed:  00:00:13
</pre>
</body>
</html>
