<html>
<body>
<pre>
<h1>µVision Build Log</h1>
<h2>Tool Versions:</h2>
IDE-Version: µVision V5.21.1.0
Copyright (C) 2016 ARM Ltd and ARM Germany GmbH. All rights reserved.
License Information: do dong, abc, LIC=47GU5-GLHGQ-KPLZY-IK095-GN909-QWAGF
 
Tool Versions:
Toolchain:       MDK-ARM Plus  Version: 5.21a
Toolchain Path:  C:\Keil_v5\ARM\ARMCC\Bin
C Compiler:      Armcc.exe V5.06 update 3 (build 300)
Assembler:       Armasm.exe V5.06 update 3 (build 300)
Linker/Locator:  ArmLink.exe V5.06 update 3 (build 300)
Library Manager: ArmAr.exe V5.06 update 3 (build 300)
Hex Converter:   FromElf.exe V5.06 update 3 (build 300)
CPU DLL:         SARMCM3.DLL V5.21a
Dialog DLL:      DCM.DLL V1.13.8.0
Target DLL:      STLink\ST-LINKIII-KEIL_SWO.dll V2.0.18.0
Dialog DLL:      TCM.DLL V1.14.14.0
 
<h2>Project:</h2>
C:\A\STM32MX\mokhoa - RTOS - all\MDK-ARM\mokhoa.uvprojx
Project File Date:  05/27/2023

<h2>Output:</h2>
*** Using Compiler 'V5.06 update 3 (build 300)', folder: 'C:\Keil_v5\ARM\ARMCC\Bin'
Build target 'mokhoa'
compiling main.c...
../Core/Src/main.c(97): warning:  #188-D: enumerated type mixed with another type
  				HAL_GPIO_WritePin(
PIOC,
PIO_PIN_13,1);
../Core/Src/main.c(100): warning:  #188-D: enumerated type mixed with another type
  				HAL_GPIO_WritePin(
PIOC,
PIO_PIN_13,0);	
../Core/Src/main.c(128): warning:  #188-D: enumerated type mixed with another type
  	HAL_GPIO_WritePin(
PIOB,
PIO_PIN_0,0);
../Core/Src/main.c(167): warning:  #188-D: enumerated type mixed with another type
    HAL_GPIO_WritePin(
PIOB,
PIO_PIN_0,1);
../Core/Src/main.c(169): warning:  #188-D: enumerated type mixed with another type
  	HAL_GPIO_WritePin(
PIOB,
PIO_PIN_1,0);
../Core/Src/main.c(206): warning:  #188-D: enumerated type mixed with another type
  	HAL_GPIO_WritePin(
PIOB,
PIO_PIN_1,1);
../Core/Src/main.c(208): warning:  #188-D: enumerated type mixed with another type
  	HAL_GPIO_WritePin(
PIOB,
PIO_PIN_7,0);
../Core/Src/main.c(244): warning:  #188-D: enumerated type mixed with another type
  	HAL_GPIO_WritePin(
PIOB,
PIO_PIN_7,1);
../Core/Src/main.c(576): warning:  #188-D: enumerated type mixed with another type
  		HAL_GPIO_WritePin(
PIOA,
PIO_PIN_5,1);
../Core/Src/main.c(579): warning:  #188-D: enumerated type mixed with another type
  		HAL_GPIO_WritePin(
PIOA,
PIO_PIN_5,0);
../Core/Src/main.c: 10 warnings, 0 errors
linking...
Program Size: Code=10928 RO-data=460 RW-data=148 ZI-data=5700  
FromELF: creating hex file...
"mokhoa\mokhoa.axf" - 0 Error(s), 10 Warning(s).

<h2>Software Packages used:</h2>

Package Vendor: ARM
                http://www.keil.com/pack/ARM.CMSIS.4.5.0.pack
                ARM::CMSIS:CORE:4.3.0
                CMSIS (Cortex Microcontroller Software Interface Standard)
   * Component: CORE Version: 4.3.0

<h2>Collection of Component include folders:</h2>
  C:\A\STM32MX\mokhoa - RTOS - all\MDK-ARM\RTE
  C:\Keil_v5\ARM\PACK\ARM\CMSIS\4.5.0\CMSIS\Include
  C:\Keil_v5\ARM\PACK\Keil\STM32F1xx_DFP\2.1.0\Device\Include

<h2>Collection of Component Files used:</h2>

   * Component: ARM::CMSIS:CORE:4.3.0
Build Time Elapsed:  00:00:01
</pre>
</body>
</html>
